<?xml version="1.0" encoding="UTF-8"?>
<testng-results ignored="0" total="11" passed="11" failed="0" skipped="0">
  <reporter-output>
  </reporter-output>
  <suite started-at="2024-02-03T17:02:13 IST" name="TestNG Parameters Suite" finished-at="2024-02-03T17:07:11 IST" duration-ms="298131">
    <groups>
      <group name="Regression_Test">
        <method signature="QKART_Tests.TestCase04()[pri:4, instance:QKART_TESTNG.QKART_Tests@43a72dc0]" name="TestCase04" class="QKART_TESTNG.QKART_Tests"/>
        <method signature="QKART_Tests.TestCase06()[pri:6, instance:QKART_TESTNG.QKART_Tests@43a72dc0]" name="TestCase06" class="QKART_TESTNG.QKART_Tests"/>
        <method signature="QKART_Tests.TestCase08()[pri:8, instance:QKART_TESTNG.QKART_Tests@43a72dc0]" name="TestCase08" class="QKART_TESTNG.QKART_Tests"/>
        <method signature="QKART_Tests.TestCase09()[pri:9, instance:QKART_TESTNG.QKART_Tests@43a72dc0]" name="TestCase09" class="QKART_TESTNG.QKART_Tests"/>
        <method signature="QKART_Tests.TestCase10()[pri:10, instance:QKART_TESTNG.QKART_Tests@43a72dc0]" name="TestCase10" class="QKART_TESTNG.QKART_Tests"/>
        <method signature="QKART_Tests.TestCase11()[pri:11, instance:QKART_TESTNG.QKART_Tests@43a72dc0]" name="TestCase11" class="QKART_TESTNG.QKART_Tests"/>
      </group> <!-- Regression_Test -->
      <group name="Sanity_test">
        <method signature="QKART_Tests.TestCase01()[pri:1, instance:QKART_TESTNG.QKART_Tests@43a72dc0]" name="TestCase01" class="QKART_TESTNG.QKART_Tests"/>
        <method signature="QKART_Tests.TestCase02()[pri:2, instance:QKART_TESTNG.QKART_Tests@43a72dc0]" name="TestCase02" class="QKART_TESTNG.QKART_Tests"/>
        <method signature="QKART_Tests.TestCase03()[pri:3, instance:QKART_TESTNG.QKART_Tests@43a72dc0]" name="TestCase03" class="QKART_TESTNG.QKART_Tests"/>
        <method signature="QKART_Tests.TestCase05()[pri:5, instance:QKART_TESTNG.QKART_Tests@43a72dc0]" name="TestCase05" class="QKART_TESTNG.QKART_Tests"/>
        <method signature="QKART_Tests.TestCase07()[pri:7, instance:QKART_TESTNG.QKART_Tests@43a72dc0]" name="TestCase07" class="QKART_TESTNG.QKART_Tests"/>
      </group> <!-- Sanity_test -->
    </groups>
    <test started-at="2024-02-03T17:02:13 IST" name="Groups execution" finished-at="2024-02-03T17:07:11 IST" duration-ms="298131">
      <class name="QKART_TESTNG.QKART_Tests">
        <test-method is-config="true" signature="createDriver()[pri:0, instance:QKART_TESTNG.QKART_Tests@43a72dc0]" started-at="2024-02-03T17:02:10 IST" name="createDriver" finished-at="2024-02-03T17:02:13 IST" duration-ms="2374" status="PASS">
          <reporter-output>
          </reporter-output>
        </test-method> <!-- createDriver -->
        <test-method signature="TestCase01()[pri:1, instance:QKART_TESTNG.QKART_Tests@43a72dc0]" started-at="2024-02-03T17:02:13 IST" name="TestCase01" description="Verify User Registration" finished-at="2024-02-03T17:02:26 IST" duration-ms="13403" status="PASS">
          <reporter-output>
          </reporter-output>
        </test-method> <!-- TestCase01 -->
        <test-method signature="TestCase02()[pri:2, instance:QKART_TESTNG.QKART_Tests@43a72dc0]" started-at="2024-02-03T17:02:27 IST" name="TestCase02" description="Verify User Registration with an existing username" finished-at="2024-02-03T17:03:07 IST" duration-ms="39847" status="PASS">
          <reporter-output>
          </reporter-output>
        </test-method> <!-- TestCase02 -->
        <test-method signature="TestCase03()[pri:3, instance:QKART_TESTNG.QKART_Tests@43a72dc0]" started-at="2024-02-03T17:03:08 IST" name="TestCase03" description="Verify functionality of search box" finished-at="2024-02-03T17:03:47 IST" duration-ms="39263" status="PASS">
          <reporter-output>
          </reporter-output>
        </test-method> <!-- TestCase03 -->
        <test-method signature="TestCase04()[pri:4, instance:QKART_TESTNG.QKART_Tests@43a72dc0]" started-at="2024-02-03T17:03:48 IST" name="TestCase04" description="Verify the presence of size Chart" finished-at="2024-02-03T17:04:14 IST" duration-ms="25740" status="PASS">
          <reporter-output>
          </reporter-output>
        </test-method> <!-- TestCase04 -->
        <test-method signature="TestCase05()[pri:5, instance:QKART_TESTNG.QKART_Tests@43a72dc0]" started-at="2024-02-03T17:04:14 IST" name="TestCase05" description="Verify that a new user can add multiple products in to the cart and Checkout" finished-at="2024-02-03T17:04:43 IST" duration-ms="28997" status="PASS">
          <reporter-output>
          </reporter-output>
        </test-method> <!-- TestCase05 -->
        <test-method signature="TestCase06()[pri:6, instance:QKART_TESTNG.QKART_Tests@43a72dc0]" started-at="2024-02-03T17:04:44 IST" name="TestCase06" description="Verify that cart can be edited" finished-at="2024-02-03T17:05:36 IST" duration-ms="52221" status="PASS">
          <reporter-output>
          </reporter-output>
        </test-method> <!-- TestCase06 -->
        <test-method signature="TestCase07()[pri:7, instance:QKART_TESTNG.QKART_Tests@43a72dc0]" started-at="2024-02-03T17:05:37 IST" name="TestCase07" description=" Verify that insufficient balance error is thrown when the wallet balance is not enough" finished-at="2024-02-03T17:06:17 IST" duration-ms="39828" status="PASS">
          <reporter-output>
          </reporter-output>
        </test-method> <!-- TestCase07 -->
        <test-method signature="TestCase08()[pri:8, instance:QKART_TESTNG.QKART_Tests@43a72dc0]" started-at="2024-02-03T17:06:17 IST" name="TestCase08" description="Verify that product added to cart is available when a new tab is opened" finished-at="2024-02-03T17:06:33 IST" duration-ms="16253" status="PASS">
          <reporter-output>
          </reporter-output>
        </test-method> <!-- TestCase08 -->
        <test-method signature="TestCase09()[pri:9, instance:QKART_TESTNG.QKART_Tests@43a72dc0]" started-at="2024-02-03T17:06:34 IST" name="TestCase09" description="Verify that the Privacy Policy, About Us are displayed correctly" finished-at="2024-02-03T17:06:43 IST" duration-ms="9101" status="PASS">
          <reporter-output>
          </reporter-output>
        </test-method> <!-- TestCase09 -->
        <test-method signature="TestCase10()[pri:10, instance:QKART_TESTNG.QKART_Tests@43a72dc0]" started-at="2024-02-03T17:06:43 IST" name="TestCase10" description="Verify that contact us option is working correctly" finished-at="2024-02-03T17:06:46 IST" duration-ms="2603" status="PASS">
          <reporter-output>
          </reporter-output>
        </test-method> <!-- TestCase10 -->
        <test-method signature="TestCase11()[pri:11, instance:QKART_TESTNG.QKART_Tests@43a72dc0]" started-at="2024-02-03T17:06:46 IST" name="TestCase11" description=" Ensure that the links on the QKART advertisement are clickable" finished-at="2024-02-03T17:07:11 IST" duration-ms="24564" status="PASS">
          <reporter-output>
          </reporter-output>
        </test-method> <!-- TestCase11 -->
      </class> <!-- QKART_TESTNG.QKART_Tests -->
    </test> <!-- Groups execution -->
  </suite> <!-- TestNG Parameters Suite -->
</testng-results>
